

processing file: dimensionality_reduction_wheat.qmd
1/41                            
2/41 [setup]                    
3/41                            
4/41 [data-blocks]              
5/41                            
6/41 [fn-adam]                  
7/41                            
8/41 [fn-autoencoder]           
9/41                            
10/41 [fn-condition-ae]          
11/41                            
12/41 [fn-predictors]            
13/41                            
14/41 [d1-parallel-analysis]     
15/41                            
16/41 [fig-d1]                   
17/41                            
18/41 [d2-design-association]    
19/41                            
20/41 [fig-d2]                   
21/41                            
22/41 [d3-baldi-hornik]          
23/41                            
24/41 [fig-d3]                   
25/41                            
26/41 [d4-cv]                    
